Timestamp: 2026-05-22 08:42:21
find: ‘/run/media/itu/29a2e912-2e15-4109-b304-4235703216d5/lost+found’: Permission denied
File: /run/media/itu/29a2e912-2e15-4109-b304-4235703216d5/ycsb.db.wal
Filesystem type is: ef53
File size of /run/media/itu/29a2e912-2e15-4109-b304-4235703216d5/ycsb.db.wal is 3733626 (912 blocks of 4096 bytes)
 ext:     logical_offset:        physical_offset: length:   expected: flags:
   0:        0..     911:   97905664..  97906575:    912:             last,eof
/run/media/itu/29a2e912-2e15-4109-b304-4235703216d5/ycsb.db.wal: 1 extent found
----------------------------------------------------------------------
File: /run/media/itu/29a2e912-2e15-4109-b304-4235703216d5/ycsb.db
Filesystem type is: ef53
File size of /run/media/itu/29a2e912-2e15-4109-b304-4235703216d5/ycsb.db is 366681010176 (89521731 blocks of 4096 bytes)
 ext:     logical_offset:        physical_offset: length:   expected: flags:
   0:        0..       2:      34304..     34306:      3:            
   1:        3..    6143:  105906720.. 105912860:   6141:      34307:
   2:     6144..   69631:      34816..     98303:  63488:  105912861:
   3:    69632..  133119:     100352..    163839:  63488:      98304:
   4:   133120..  196607:     165888..    229375:  63488:     163840:
   5:   196608..  260095:     231424..    294911:  63488:     229376:
   6:   260096..  487423:     296960..    524287: 227328:     294912:
   7:   487424..  749567:     557056..    819199: 262144:     524288:
   8:   749568..  813055:     821248..    884735:  63488:     819200:
   9:   813056..  974847:     886784..   1048575: 161792:     884736:
  10:   974848.. 1466367:    1081344..   1572863: 491520:    1048576:
  11:  1466368.. 1955839:    1607680..   2097151: 489472:    1572864:
  12:  1955840.. 2447359:    2129920..   2621439: 491520:    2097152:
  13:  2447360.. 2936831:    2656256..   3145727: 489472:    2621440:
  14:  2936832.. 3428351:    3178496..   3670015: 491520:    3145728:
  15:  3428352.. 3821567:    3702784..   4095999: 393216:    3670016:
  16:  3821568.. 3917823:    4098048..   4194303:  96256:    4096000:
  17:  3917824.. 4409343:    4227072..   4718591: 491520:    4194304:
  18:  4409344.. 4900863:    4751360..   5242879: 491520:    4718592:
  19:  4900864.. 5392383:    5275648..   5767167: 491520:    5242880:
  20:  5392384.. 5883903:    5799936..   6291455: 491520:    5767168:
  21:  5883904.. 6375423:    6324224..   6815743: 491520:    6291456:
  22:  6375424.. 6866943:    6848512..   7340031: 491520:    6815744:
  23:  6866944.. 7358463:    7372800..   7864319: 491520:    7340032:
  24:  7358464.. 7423999:    7897088..   7962623:  65536:    7864320:
  25:  7424000.. 7847935:    7964672..   8388607: 423936:    7962624:
  26:  7847936.. 8339455:    8421376..   8912895: 491520:    8388608:
  27:  8339456.. 8830975:    8945664..   9437183: 491520:    8912896:
  28:  8830976.. 9322495:    9469952..   9961471: 491520:    9437184:
  29:  9322496.. 9814015:    9994240..  10485759: 491520:    9961472:
  30:  9814016..10305535:   10518528..  11010047: 491520:   10485760:
  31: 10305536..10502143:   11042816..  11239423: 196608:   11010048:
  32: 10502144..10795007:   11241472..  11534335: 292864:   11239424:
  33: 10795008..11286527:   11567104..  12058623: 491520:   11534336:
  34: 11286528..11778047:   12091392..  12582911: 491520:   12058624:
  35: 11778048..12269567:   12615680..  13107199: 491520:   12582912:
  36: 12269568..12761087:   13139968..  13631487: 491520:   13107200:
  37: 12761088..13252607:   13664256..  14155775: 491520:   13631488:
  38: 13252608..13744127:   14188544..  14680063: 491520:   14155776:
  39: 13744128..14235647:   14712832..  15204351: 491520:   14680064:
  40: 14235648..14727167:   15237120..  15728639: 491520:   15204352:
  41: 14727168..15218687:   15761408..  16252927: 491520:   15728640:
  42: 15218688..15710207:   16285696..  16777215: 491520:   16252928:
  43: 15710208..16201727:   16809984..  17301503: 491520:   16777216:
  44: 16201728..16693247:   17334272..  17825791: 491520:   17301504:
  45: 16693248..17184767:   17858560..  18350079: 491520:   17825792:
  46: 17184768..17676287:   18382848..  18874367: 491520:   18350080:
  47: 17676288..18167807:   18907136..  19398655: 491520:   18874368:
  48: 18167808..18659327:   19431424..  19922943: 491520:   19398656:
  49: 18659328..19150847:   19955712..  20447231: 491520:   19922944:
  50: 19150848..19640319:   20482048..  20971519: 489472:   20447232:
  51: 19640320..20131839:   21004288..  21495807: 491520:   20971520:
  52: 20131840..20623359:   21528576..  22020095: 491520:   21495808:
  53: 20623360..21114879:   22052864..  22544383: 491520:   22020096:
  54: 21114880..21606399:   22577152..  23068671: 491520:   22544384:
  55: 21606400..22097919:   23101440..  23592959: 491520:   23068672:
  56: 22097920..22360063:   23625728..  23887871: 262144:   23592960:
  57: 22360064..22587391:   23889920..  24117247: 227328:   23887872:
  58: 22587392..23078911:   24150016..  24641535: 491520:   24117248:
  59: 23078912..23570431:   24674304..  25165823: 491520:   24641536:
  60: 23570432..24061951:   25198592..  25690111: 491520:   25165824:
  61: 24061952..24553471:   25722880..  26214399: 491520:   25690112:
  62: 24553472..25044991:   26247168..  26738687: 491520:   26214400:
  63: 25044992..25536511:   26771456..  27262975: 491520:   26738688:
  64: 25536512..26028031:   27295744..  27787263: 491520:   27262976:
  65: 26028032..26519551:   27820032..  28311551: 491520:   27787264:
  66: 26519552..27011071:   28344320..  28835839: 491520:   28311552:
  67: 27011072..27502591:   28868608..  29360127: 491520:   28835840:
  68: 27502592..27994111:   29392896..  29884415: 491520:   29360128:
  69: 27994112..28485631:   29917184..  30408703: 491520:   29884416:
  70: 28485632..28977151:   30441472..  30932991: 491520:   30408704:
  71: 28977152..29468671:   30965760..  31457279: 491520:   30932992:
  72: 29468672..29960191:   31490048..  31981567: 491520:   31457280:
  73: 29960192..30451711:   32014336..  32505855: 491520:   31981568:
  74: 30451712..30943231:   32538624..  33030143: 491520:   32505856:
  75: 30943232..31434751:   33062912..  33554431: 491520:   33030144:
  76: 31434752..31926271:   33587200..  34078719: 491520:   33554432:
  77: 31926272..32417791:   34111488..  34603007: 491520:   34078720:
  78: 32417792..32909311:   34635776..  35127295: 491520:   34603008:
  79: 32909312..33167359:   35160064..  35418111: 258048:   35127296:
  80: 33167360..33398783:   35420160..  35651583: 231424:   35418112:
  81: 33398784..33890303:   35684352..  36175871: 491520:   35651584:
  82: 33890304..34381823:   36208640..  36700159: 491520:   36175872:
  83: 34381824..34873343:   36732928..  37224447: 491520:   36700160:
  84: 34873344..35364863:   37257216..  37748735: 491520:   37224448:
  85: 35364864..35856383:   37781504..  38273023: 491520:   37748736:
  86: 35856384..36347903:   38305792..  38797311: 491520:   38273024:
  87: 36347904..36839423:   38830080..  39321599: 491520:   38797312:
  88: 36839424..37330943:   39354368..  39845887: 491520:   39321600:
  89: 37330944..37822463:   39878656..  40370175: 491520:   39845888:
  90: 37822464..38313983:   40402944..  40894463: 491520:   40370176:
  91: 38313984..38805503:   40927232..  41418751: 491520:   40894464:
  92: 38805504..39297023:   41451520..  41943039: 491520:   41418752:
  93: 39297024..39788543:   41975808..  42467327: 491520:   41943040:
  94: 39788544..40280063:   42500096..  42991615: 491520:   42467328:
  95: 40280064..40771583:   43024384..  43515903: 491520:   42991616:
  96: 40771584..41263103:   43548672..  44040191: 491520:   43515904:
  97: 41263104..41754623:   44072960..  44564479: 491520:   44040192:
  98: 41754624..42246143:   44597248..  45088767: 491520:   44564480:
  99: 42246144..42737663:   45121536..  45613055: 491520:   45088768:
 100: 42737664..43229183:   45645824..  46137343: 491520:   45613056:
 101: 43229184..43720703:   46170112..  46661631: 491520:   46137344:
 102: 43720704..44212223:   46694400..  47185919: 491520:   46661632:
 103: 44212224..44703743:   47218688..  47710207: 491520:   47185920:
 104: 44703744..45195263:   47742976..  48234495: 491520:   47710208:
 105: 45195264..45686783:   48267264..  48758783: 491520:   48234496:
 106: 45686784..46178303:   48791552..  49283071: 491520:   48758784:
 107: 46178304..46669823:   49315840..  49807359: 491520:   49283072:
 108: 46669824..47161343:   49840128..  50331647: 491520:   49807360:
 109: 47161344..47652863:   50364416..  50855935: 491520:   50331648:
 110: 47652864..48144383:   50888704..  51380223: 491520:   50855936:
 111: 48144384..48635903:   51412992..  51904511: 491520:   51380224:
 112: 48635904..49127423:   51937280..  52428799: 491520:   51904512:
 113: 49127424..49618943:   52461568..  52953087: 491520:   52428800:
 114: 49618944..49848319:   53248000..  53477375: 229376:   52953088:
 115: 49848320..50339839:   53510144..  54001663: 491520:   53477376:
 116: 50339840..50831359:   54034432..  54525951: 491520:   54001664:
 117: 50831360..51322879:   54558720..  55050239: 491520:   54525952:
 118: 51322880..51814399:   55083008..  55574527: 491520:   55050240:
 119: 51814400..52305919:   55607296..  56098815: 491520:   55574528:
 120: 52305920..52797439:   56131584..  56623103: 491520:   56098816:
 121: 52797440..53288959:   56655872..  57147391: 491520:   56623104:
 122: 53288960..53780479:   57180160..  57671679: 491520:   57147392:
 123: 53780480..54271999:   57704448..  58195967: 491520:   57671680:
 124: 54272000..54763519:   58228736..  58720255: 491520:   58195968:
 125: 54763520..55255039:   58753024..  59244543: 491520:   58720256:
 126: 55255040..55746559:   59277312..  59768831: 491520:   59244544:
 127: 55746560..56238079:   59801600..  60293119: 491520:   59768832:
 128: 56238080..56729599:   60325888..  60817407: 491520:   60293120:
 129: 56729600..57083903:   60850176..  61204479: 354304:   60817408:
 130: 57083904..57083906:  105906196.. 105906198:      3:   61204480:
 131: 57083907..57090047:   61204480..  61210620:   6141:  105906199:
 132: 57090048..57174015:   61210624..  61294591:  83968:   61210621:
 133: 57174016..57174018:  105906199.. 105906201:      3:   61294592:
 134: 57174019..57188351:   61294592..  61308924:  14333:  105906202:
 135: 57188352..57221119:   61308928..  61341695:  32768:   61308925:
 136: 57221120..57225215:   61374464..  61378559:   4096:   61341696:
 137: 57225216..57225218:  105906202.. 105906204:      3:   61378560:
 138: 57225219..57253887:   61378560..  61407228:  28669:  105906205:
 139: 57253888..57712639:   61407232..  61865983: 458752:   61407229:
 140: 57712640..58204159:   61898752..  62390271: 491520:   61865984:
 141: 58204160..58695679:   62423040..  62914559: 491520:   62390272:
 142: 58695680..59187199:   62947328..  63438847: 491520:   62914560:
 143: 59187200..59678719:   63471616..  63963135: 491520:   63438848:
 144: 59678720..60170239:   63995904..  64487423: 491520:   63963136:
 145: 60170240..60661759:   64520192..  65011711: 491520:   64487424:
 146: 60661760..61132799:   65044480..  65515519: 471040:   65011712:
 147: 61132800..61132802:  105906205.. 105906207:      3:   65515520:
 148: 61132803..61153279:   65515520..  65535996:  20477:  105906208:
 149: 61153280..61206527:   65568768..  65622015:  53248:   65535997:
 150: 61206528..61206530:  105906182.. 105906184:      3:   65622016:
 151: 61206531..61218815:   65622016..  65634300:  12285:  105906185:
 152: 61218816..61644799:   65634304..  66060287: 425984:   65634301:
 153: 61644800..62136319:   66093056..  66584575: 491520:   66060288:
 154: 62136320..62627839:   66617344..  67108863: 491520:   66584576:
 155: 62627840..63119359:   67141632..  67633151: 491520:   67108864:
 156: 63119360..63299583:   67665920..  67846143: 180224:   67633152:
 157: 63299584..63299586:  105906185.. 105906187:      3:   67846144:
 158: 63299587..63315967:   67846144..  67862524:  16381:  105906188:
 159: 63315968..63610879:   67862528..  68157439: 294912:   67862525:
 160: 63610880..64102399:   68190208..  68681727: 491520:   68157440:
 161: 64102400..64593919:   68714496..  69206015: 491520:   68681728:
 162: 64593920..65085439:   69238784..  69730303: 491520:   69206016:
 163: 65085440..65576959:   69763072..  70254591: 491520:   69730304:
 164: 65576960..66068479:   70287360..  70778879: 491520:   70254592:
 165: 66068480..66559999:   70811648..  71303167: 491520:   70778880:
 166: 66560000..66703359:   71335936..  71479295: 143360:   71303168:
 167: 66703360..66703362:  105906188.. 105906190:      3:   71479296:
 168: 66703363..66723839:   71479296..  71499772:  20477:  105906191:
 169: 66723840..66887679:   71499776..  71663615: 163840:   71499773:
 170: 66887680..67049471:   71665664..  71827455: 161792:   71663616:
 171: 67049472..67540991:   71860224..  72351743: 491520:   71827456:
 172: 67540992..68032511:   72384512..  72876031: 491520:   72351744:
 173: 68032512..68524031:   72908800..  73400319: 491520:   72876032:
 174: 68524032..69015551:   73433088..  73924607: 491520:   73400320:
 175: 69015552..69443583:   73957376..  74385407: 428032:   73924608:
 176: 69443584..69443586:  105914432.. 105914434:      3:   74385408:
 177: 69443587..69474303:   74385408..  74416124:  30717:  105914435:
 178: 69474304..69507071:   74416128..  74448895:  32768:   74416125:
 179: 69507072..69998591:   74481664..  74973183: 491520:   74448896:
 180: 69998592..70064127:   75005952..  75071487:  65536:   74973184:
 181: 70064128..70064130:  105914435.. 105914437:      3:   75071488:
 182: 70064131..70096895:   75071488..  75104252:  32765:  105914438:
 183: 70096896..70264831:   75104256..  75272191: 167936:   75104253:
 184: 70264832..70264834:  105914438.. 105914440:      3:   75272192:
 185: 70264835..70293503:   75272192..  75300860:  28669:  105914441:
 186: 70293504..70490111:   75300864..  75497471: 196608:   75300861:
 187: 70490112..70981631:   75530240..  76021759: 491520:   75497472:
 188: 70981632..71473151:   76054528..  76546047: 491520:   76021760:
 189: 71473152..71929855:   76578816..  77035519: 456704:   76546048:
 190: 71929856..71929858:  105914441.. 105914443:      3:   77035520:
 191: 71929859..71964671:   77035520..  77070332:  34813:  105914444:
 192: 71964672..72456191:   77103104..  77594623: 491520:   77070333:
 193: 72456192..72947711:   77627392..  78118911: 491520:   77594624:
 194: 72947712..73025535:   78151680..  78229503:  77824:   78118912:
 195: 73025536..73025602:  105912864.. 105912930:     67:   78229504:
 196: 73025603..73046015:   78229504..  78249916:  20413:  105912931:
 197: 73046016..73439231:   78249984..  78643199: 393216:   78249917:
 198: 73439232..73928703:   78678016..  79167487: 489472:   78643200:
 199: 73928704..74420223:   79200256..  79691775: 491520:   79167488:
 200: 74420224..74911743:   79724544..  80216063: 491520:   79691776:
 201: 74911744..75048959:   80248832..  80386047: 137216:   80216064:
 202: 75048960..75048962:  105914444.. 105914446:      3:   80386048:
 203: 75048963..75075583:   80386048..  80412668:  26621:  105914447:
 204: 75075584..75403263:   80412672..  80740351: 327680:   80412669:
 205: 75403264..75894783:   80773120..  81264639: 491520:   80740352:
 206: 75894784..76386303:   81297408..  81788927: 491520:   81264640:
 207: 76386304..76531711:   81821696..  81967103: 145408:   81788928:
 208: 76531712..76531714:  105912931.. 105912933:      3:   81967104:
 209: 76531715..76550143:   81967104..  81985532:  18429:  105912934:
 210: 76550144..76877823:   81985536..  82313215: 327680:   81985533:
 211: 76877824..77369343:   82345984..  82837503: 491520:   82313216:
 212: 77369344..77666303:   82870272..  83167231: 296960:   82837504:
 213: 77666304..77666306:  105912934.. 105912936:      3:   83167232:
 214: 77666307..77697023:   83167232..  83197948:  30717:  105912937:
 215: 77697024..77860863:   83197952..  83361791: 163840:   83197949:
 216: 77860864..78352383:   83394560..  83886079: 491520:   83361792:
 217: 78352384..78843903:   83918848..  84410367: 491520:   83886080:
 218: 78843904..79335423:   84443136..  84934655: 491520:   84410368:
 219: 79335424..79826943:   84967424..  85458943: 491520:   84934656:
 220: 79826944..79964159:   85491712..  85628927: 137216:   85458944:
 221: 79964160..79964162:  105912937.. 105912939:      3:   85628928:
 222: 79964163..79990783:   85628928..  85655548:  26621:  105912940:
 223: 79990784..80019455:   85655552..  85684223:  28672:   85655549:
 224: 80019456..80019458:  105912940.. 105912942:      3:   85684224:
 225: 80019459..80023551:   85684224..  85688316:   4093:  105912943:
 226: 80023552..80318463:   85688320..  85983231: 294912:   85688317:
 227: 80318464..80809983:   86016000..  86507519: 491520:   85983232:
 228: 80809984..81301503:   86540288..  87031807: 491520:   86507520:
 229: 81301504..81680383:   87064576..  87443455: 378880:   87031808:
 230: 81680384..81680386:  105912943.. 105912945:      3:   87443456:
 231: 81680387..81694719:   87443456..  87457788:  14333:  105912946:
 232: 81694720..81793023:   87457792..  87556095:  98304:   87457789:
 233: 81793024..82036735:   87588864..  87832575: 243712:   87556096:
 234: 82036736..82036738:  105912946.. 105912948:      3:   87832576:
 235: 82036739..82055167:   87832576..  87851004:  18429:  105912949:
 236: 82055168..82284543:   87851008..  88080383: 229376:   87851005:
 237: 82284544..82776063:   88113152..  88604671: 491520:   88080384:
 238: 82776064..83267583:   88637440..  89128959: 491520:   88604672:
 239: 83267584..83759103:   89161728..  89653247: 491520:   89128960:
 240: 83759104..84250623:   89686016..  90177535: 491520:   89653248:
 241: 84250624..84742143:   90210304..  90701823: 491520:   90177536:
 242: 84742144..85233663:   90734592..  91226111: 491520:   90701824:
 243: 85233664..85239807:   91258880..  91265023:   6144:   91226112:
 244: 85239808..85239810:  105912949.. 105912951:      3:   91265024:
 245: 85239811..85266431:   91265024..  91291644:  26621:  105912952:
 246: 85266432..85725183:   91291648..  91750399: 458752:   91291645:
 247: 85725184..85966847:   91783168..  92024831: 241664:   91750400:
 248: 85966848..85966850:  105912952.. 105912954:      3:   92024832:
 249: 85966851..85987327:   92024832..  92045308:  20477:  105912955:
 250: 85987328..86216703:   92045312..  92274687: 229376:   92045309:
 251: 86216704..86296575:   92307456..  92387327:  79872:   92274688:
 252: 86296576..86296578:  105912955.. 105912957:      3:   92387328:
 253: 86296579..86315007:   92387328..  92405756:  18429:  105912958:
 254: 86315008..86708223:   92405760..  92798975: 393216:   92405757:
 255: 86708224..87199743:   92831744..  93323263: 491520:   92798976:
 256: 87199744..87691263:   93356032..  93847551: 491520:   93323264:
 257: 87691264..88182783:   93880320..  94371839: 491520:   93847552:
 258: 88182784..88674303:   94404608..  94896127: 491520:   94371840:
 259: 88674304..89165823:   94928896..  95420415: 491520:   94896128:
 260: 89165824..89521730:   95453184..  95809090: 355907:   95420416: last,eof
/run/media/itu/29a2e912-2e15-4109-b304-4235703216d5/ycsb.db: 261 extents found
----------------------------------------------------------------------
